make.exe all --print-data-base --no-builtin-variables --no-builtin-rules --question
# GNU Make 3.82.90
# Built for i686-pc-mingw32
# Copyright (C) 1988-2012 Free Software Foundation, Inc.
# License GPLv3+: GNU GPL version 3 or later <http://gnu.org/licenses/gpl.html>
# This is free software: you are free to change and redistribute it.
# There is NO WARRANTY, to the extent permitted by law.
 

# Make data base, printed on Mon Sep 07 21:44:46 2026

# Variables

# automatic
<D = $(patsubst %/,%,$(patsubst %\,%,$(dir $<)))
# automatic
?F = $(notdir $?)
# default
.SHELLFLAGS := -c
# environment
VSCODE_CRASH_REPORTER_PROCESS_TYPE = extensionHost
# makefile
MAKEFLAGS = Rrqp
# makefile (from 'Makefile', line 7)
TARGET = taskforge
# automatic
?D = $(patsubst %/,%,$(patsubst %\,%,$(dir $?)))
# automatic
@D = $(patsubst %/,%,$(patsubst %\,%,$(dir $@)))
# environment
HOMEDRIVE = C:
# automatic
@F = $(notdir $@)
# automatic
^D = $(patsubst %/,%,$(patsubst %\,%,$(dir $^)))
# makefile
CURDIR := c:/Users/LesediPC/OneDrive - University of Pretoria/Documents/2026 semester 2/COS 214/practicals/prac4/COS214PRAC4
# default
SHELL := sh.exe
# environment
WINDIR = C:\WINDOWS
# environment
VSCODE_NLS_CONFIG = {"userLocale":"en-us","osLocale":"en-za","resolvedLanguage":"en","defaultMessagesFile":"C:\\Users\\LesediPC\\AppData\\Local\\Programs\\Microsoft VS Code\\a44adf7f53\\resources\\app\\out\\nls.messages.json","locale": 
"en-us","availableLanguages":{}}
# environment
VBOX_MSI_INSTALL_PATH = C:\Program Files\Oracle\VirtualBox\
# environment
NVM_HOME = C:\Users\LesediPC\AppData\Roaming\nvm
# environment
EFC_33996_3789132940 = 1
# environment
PATHEXT = .COM;.EXE;.BAT;.CMD;.VBS;.VBE;.JS;.JSE;.WSF;.WSH;.MSC;.PY;.PYW
# makefile (from 'Makefile', line 1)
MAKEFILE_LIST :=  Makefile
# environment
FPS_BROWSER_USER_PROFILE_STRING = Default
# environment
TMP = C:\Users\LesediPC\AppData\Local\Temp
# makefile (from 'Makefile', line 4)
SOURCES = $(wildcard *.cpp)
# environment
MXC_BIN_DIR = c:\Users\LesediPC\AppData\Local\Programs\Microsoft VS Code\a44adf7f53\resources\app\node_modules.asar.unpacked\@microsoft\mxc-sdk\bin
# makefile (from 'Makefile', line 2)
CXXFLAGS = -std=c++11 -Wall -Wextra
# environment
EFC_33996_1592913036 = 1
# environment
PROGRAMW6432 = C:\Program Files
# environment
NVM_SYMLINK = C:\Program Files\nodejs
# environment
PROGRAMDATA = C:\ProgramData
# environment
EFC_33996_2946480783 = 1
# environment
VSCODE_CWD = C:\Users\LesediPC\AppData\Local\Programs\Microsoft VS Code
# environment
PATH = C:\Program Files\Common Files\Oracle\Java\javapath;C:\Program Files (x86)\Common Files\Oracle\Java\java8path;C:\Program Files (x86)\Common Files\Oracle\Java\javapath;C:\Python314\Scripts\;C:\Python314\;C:\Program Files\Eclipse Adoptium\jdk-25.0.2.10-hotspot\bin;C:\WINDOWS\system32;C:\WINDOWS;C:\WINDOWS\System32\Wbem;C:\WINDOWS\System32\WindowsPowerShell\v1.0\;C:\WINDOWS\System32\OpenSSH\;C:\Program Files (x86)\NVIDIA Corporation\PhysX\Common;C:\Program Files\NVIDIA Corporation\NVIDIA NvDLISR;C:\Program Files\dotnet\;C:\Program Files\MariaDB\MariaDB Connector C 64-bit\lib\;C:\Program Files\MariaDB\MariaDB Connector C 64-bit\lib\plugin\;C:\Program Files\Git\cmd;C:\ProgramData\chocolatey\bin;C:\Users\LesediPC\AppData\Roaming\nvm;C:\Program Files\nodejs;C:\Program Files (x86)\Windows Kits\10\Windows Performance Toolkit\;C:\Users\LesediPC\AppData\Local\Programs\Python\Launcher\;C:\Users\LesediPC\AppData\Local\Microsoft\WindowsApps;C:\Users\LesediPC\AppData\Roaming\npm;C:\Users\LesediPC\AppData\Roaming\nvm;C:\Program Files\nodejs;C:\ProgramData\LesediPC\GitHubDesktop\bin;C:\Users\LesediPC\AppData\Local\GitHubDesktop\bin;C:\Users\LesediPC\AppData\Local\Programs\Microsoft VS Code\bin;C:\MinGW\bin;C:\Users\LesediPC\.dotnet\tools;C:\Users\LesediPC\AppData\Local\Programs\DockerDesktop\resources\bin
# environment
COMMONPROGRAMW6432 = C:\Program Files\Common Files
# environment
CHOCOLATEYLASTPATHUPDATE = 134234155124875865
# environment
PROCESSOR_ARCHITECTURE = x86
# environment
ONEDRIVE = C:\Users\LesediPC\OneDrive - University of Pretoria
# environment
USERPROFILE = C:\Users\LesediPC
# environment
CHOCOLATEYINSTALL = C:\ProgramData\chocolatey
# environment
ALLUSERSPROFILE = C:\ProgramData
# environment
NUMBER_OF_PROCESSORS = 12
# environment
ELECTRON_RUN_AS_NODE = 1
# default
.FEATURES := target-specific order-only second-expansion else-if shortest-stem undefine oneshell archives jobserver
# automatic
%F = $(notdir $%)
# environment
CHROME_CRASHPAD_PIPE_NAME = \\.\pipe\crashpad_2196_QSPLJEMHRHALMYTN
# environment
COMPUTERNAME = LESEDIASUS
# environment
EFC_33996_2775293581 = 1
# environment
PROGRAMFILES = C:\Program Files (x86)
# environment
DRIVERDATA = C:\Windows\System32\Drivers\DriverData
# environment
EFC_33996_1262719628 = 1
# environment
USERNAME = LesediPC
# environment
PUBLIC = C:\Users\Public
# environment
VSCODE_CODE_CACHE_PATH = C:\Users\LesediPC\AppData\Roaming\Code\CachedData\a44adf7f53e00964ab890f9f8758a334f1fc15bc
# environment
APPLICATION_INSIGHTS_NO_DIAGNOSTIC_CHANNEL = true
# environment
COMMONPROGRAMFILES = C:\Program Files (x86)\Common Files
# environment
LOGONSERVER = \\LESEDIASUS
# environment
OPENSSL_CONF = C:\Program Files\PostgreSQL\psqlODBC\etc\openssl.cnf
# environment
VSCODE_HANDLES_UNCAUGHT_ERRORS = true
# environment
USERDOMAIN = LesediAsus
# environment
MAKELEVEL := 0
# default
MAKE = $(MAKE_COMMAND)
# default
MAKECMDGOALS := all
# environment
EFC_33996_4126798990 = 1
# environment
VSCODE_ESM_ENTRYPOINT = vs/workbench/api/node/extensionHostProcess
# environment
ONEDRIVECOMMERCIAL = C:\Users\LesediPC\OneDrive - University of Pretoria
# default
MAKE_VERSION := 3.82.90
# environment
COPILOT_OTEL_FILE_EXPORTER_PATH = \\.\nul
# makefile
.DEFAULT_GOAL := taskforge
# environment
APPLICATION_INSIGHTS_NO_STATSBEAT = true
# environment
ACSVCPORT = 17532
# environment
ACSETUPSVCPORT = 23210
# environment
PROGRAMFILES(X86) = C:\Program Files (x86)
# automatic
%D = $(patsubst %/,%,$(patsubst %\,%,$(dir $%)))
# environment
LOCALAPPDATA = C:\Users\LesediPC\AppData\Local
# environment
PSMODULEPATH = C:\Program Files\WindowsPowerShell\Modules;C:\WINDOWS\system32\WindowsPowerShell\v1.0\Modules
# default
MAKE_COMMAND := make.exe
# environment
PROCESSOR_ARCHITEW6432 = AMD64
# default
.VARIABLES := 
# automatic
*F = $(notdir $*)
# environment
PROCESSOR_IDENTIFIER = AMD64 Family 25 Model 68 Stepping 1, AuthenticAMD
# environment
OS = Windows_NT
# environment
VSCODE_IPC_HOOK = \\.\pipe\58db7310-1.136.1-main-sock
# environment
HOMEPATH = \Users\LesediPC
# environment
COMMONPROGRAMFILES(X86) = C:\Program Files (x86)\Common Files
# environment
PROMPT = $P$G
# environment
MFLAGS = -Rrqp
# automatic
*D = $(patsubst %/,%,$(patsubst %\,%,$(dir $*)))
# environment
SYSTEMROOT = C:\WINDOWS
# automatic
+D = $(patsubst %/,%,$(patsubst %\,%,$(dir $+)))
# automatic
+F = $(notdir $+)
# environment
APPDATA = C:\Users\LesediPC\AppData\Roaming
# environment
TEMP = C:\Users\LesediPC\AppData\Local\Temp
# environment
COMSPEC = C:\WINDOWS\system32\cmd.exe
# default
MAKEFILES := 
# automatic
<F = $(notdir $<)
# makefile (from 'Makefile', line 1)
CXX = g++
# environment
RLSSVCPORT = 22112
# environment
LC_ALL = C
# automatic
^F = $(notdir $^)
# default
SUFFIXES := 
# environment
SYSTEMDRIVE = C:
# environment
SESSIONNAME = Console
# environment
PROCESSOR_REVISION = 4401
# default
.INCLUDE_DIRS = C:/MinGW/include
# environment
VBOX_HWVIRTEX_IGNORE_SVM_IN_USE = 1
# default
.RECIPEPREFIX := 
# makefile (from 'Makefile', line 5)
OBJECTS = $(SOURCES:.cpp=.o)
# environment
LANG = C
 
# environment
PROCESSOR_LEVEL = 25
# environment
FPS_BROWSER_APP_PROFILE_STRING = Internet Explorer
# environment
VSCODE_PID = 2196
# environment
EFC_33996_2283032206 = 1
# environment
USERDOMAIN_ROAMINGPROFILE = LesediAsus
# variable set hash-table stats:
# Load=112/1024=11%, Rehash=0, Collisions=12/134=9%

# Pattern-specific Variable Values

# No pattern-specific variable values.

# Directories

# C:\Users\LesediPC\AppData\Roaming\nvm (key C:/Users/LesediPC/AppData/Roaming/nvm, mtime 1780137351): 15 files, no impossibilities.
# C:\Program Files (x86)\Common Files\Oracle\Java\java8path (key C:/Program Files (x86)/Common Files/Oracle/Java/java8path, mtime 1784829401): 5 files, no impossibilities.
# C:\Program Files\NVIDIA Corporation\NVIDIA NvDLISR (key C:/Program Files/NVIDIA Corporation/NVIDIA NvDLISR, mtime 1771071136): 5 files, no impossibilities.
# C:\Users\LesediPC\AppData\Local\Programs\Python\Launcher\ (key C:/Users/LesediPC/AppData/Local/Programs/Python/Launcher/, mtime 1776106417): 5 files, no impossibilities.
# C:\Python314\ (key C:/Python314/, mtime 1778942086): 17 files, no impossibilities.
# C:\Users\LesediPC\AppData\Local\Microsoft\WindowsApps (key C:/Users/LesediPC/AppData/Local/Microsoft/WindowsApps, mtime 1788791723): 59 files, no impossibilities.
# C:\WINDOWS\System32\WindowsPowerShell\v1.0\ (key C:/WINDOWS/System32/WindowsPowerShell/v1.0/, mtime 1787987750): 33 files, no impossibilities.
# . (key c:/Users/LesediPC/OneDrive - University of Pretoria/Documents/2026 semester 2/COS 214/practicals/prac4/COS214PRAC4, mtime 1788810153): 57 files, no impossibilities.
# C:\Program Files (x86)\Common Files\Oracle\Java\javapath: could not be stat'd.
# C:\Users\LesediPC\AppData\Local\GitHubDesktop\bin (key C:/Users/LesediPC/AppData/Local/GitHubDesktop/bin, mtime 1781197956): 4 files, no impossibilities.
# C:\Program Files (x86)\Windows Kits\10\Windows Performance Toolkit\ (key C:/Program Files (x86)/Windows Kits/10/Windows Performance Toolkit/, mtime 1783095052): 445 files, no impossibilities.
# C:\Program Files\MariaDB\MariaDB Connector C 64-bit\lib\ (key C:/Program Files/MariaDB/MariaDB Connector C 64-bit/lib/, mtime 1771662580): 7 files, no impossibilities.
# C:\Users\LesediPC\AppData\Local\Programs\DockerDesktop\resources\bin (key C:/Users/LesediPC/AppData/Local/Programs/DockerDesktop/resources/bin, mtime 1788771446): 12 files, no impossibilities.
# C:\Users\LesediPC\AppData\Local\Programs\Microsoft VS Code\bin (key C:/Users/LesediPC/AppData/Local/Programs/Microsoft VS Code/bin, mtime 1788547214): 5 files, no impossibilities.
# C:\Python314\Scripts\ (key C:/Python314/Scripts/, mtime 1778942085): 5 files, no impossibilities.
# C:\Program Files\Git\cmd (key C:/Program Files/Git/cmd, mtime 1777103063): 13 files, no impossibilities.
# C:\ProgramData\LesediPC\GitHubDesktop\bin (key C:/ProgramData/LesediPC/GitHubDesktop/bin, mtime 1781197956): 4 files, no impossibilities.
# C:\WINDOWS\System32\OpenSSH\: could not be stat'd.
# C:\MinGW\bin (key C:/MinGW/bin, mtime 1785670036): 140 files, no impossibilities.
# C:\ 
Users\LesediPC\.dotnet\tools: could not be stat'd.
# C:\Program Files (x86)\NVIDIA Corporation\PhysX\Common (key C:/Program Files (x86)/NVIDIA Corporation/PhysX/Common, mtime 1771071149): 10 files, no impossibilities.
# C:\WINDOWS (key C:/WINDOWS, mtime 1788701044): 128 files, no impossibilities.
# C:\ProgramData\chocolatey\bin (key C:/ProgramData/chocolatey/bin, mtime 1778942088): 6 files, no impossibilities.
# C:\Program Files\MariaDB\MariaDB Connector C 64-bit\lib\plugin\ (key C:/Program Files/MariaDB/MariaDB Connector C 64-bit/lib/plugin/, mtime 1771662581): 18 files, no impossibilities.
# C:\WINDOWS\System32\Wbem (key C:/WINDOWS/System32/Wbem, mtime 1787987750): 149 files, no impossibilities.
# C:\Program Files\Eclipse Adoptium\jdk-25.0.2.10-hotspot\bin (key C:/Program Files/Eclipse Adoptium/jdk-25.0.2.10-hotspot/bin, mtime 1776965775): 129 files, no impossibilities.
# C:\Program Files\Common Files\Oracle\Java\javapath (key C:/Program Files/Common Files/Oracle/Java/javapath, mtime 1785179253): 6 files, no impossibilities.
# C:\Program Files\dotnet\ (key C:/Program Files/dotnet/, mtime 1785757764): 14 files, no impossibilities.
# C:\WINDOWS\system32 (key C:/WINDOWS/system32, mtime 1788714101): 2939 files, no impossibilities.
# C:\Program Files\nodejs (key C:/Program Files/nodejs, mtime 1781549018): 14 files, no impossibilities.
# C:\Users\LesediPC\AppData\Roaming\npm (key C:/Users/LesediPC/AppData/Roaming/npm, mtime 1785699872): 15 files, no impossibilities.

# 4259 files, no impossibilities in 31 directories.

# Implicit Rules

%.o: %.cpp
#  recipe to execute (from 'Makefile', line 11):
	$(CXX) $(CXXFLAGS) -c $<

# 1 implicit rules, 0 (0.0%) terminal.

# Files

# Not a target:
DepthFirstIterator.o:
#  Implicit rule search has not been done.
#  Modification time never checked.
#  File has not been updated.

# Not a target:
DeliveryComponent.o:
#  Implicit rule search has not been done.
#  Modification time never checked.
#  File has not been updated.

# Not a target:
FrontendPhase.o:
#  Implicit rule search has not been done.
#  Modification time never checked.
#  File has not been updated.

# Not a target:
all:
#  Command line target.
#  Implicit rule search has been done.
#  File does not exist.
#  File has not been updated.

# Not a target:
AuthenticationPhase.o:
#  Implicit rule search has not been done.
#  Modification time never checked.
#  File has not been updated.

# Not a target:
BreadthFirstIterator.o:
#  Implicit rule search has not been done.
#  Modification time never checked.
#  File has not been updated.

# Not a target:
DevelopmentPhase.o:
#  Implicit rule search has not been done.
#  Modification time never checked.
#  File has not been updated.

# Not a target:
LoginTesting.o:
#  Implicit rule search has not been done.
#  Modification time never checked.
#  File has not been updated.

# Not a target:
UnitTestingPhase.o:
#  Implicit rule search has not been done.
#  Modification time never checked.
#  File has not been updated.

# Not a target:
.SUFFIXES:
#  Implicit rule search has not been don 
e.
#  Modification time never checked.
#  File has not been updated.

# Not a target:
APITesting.o:
#  Implicit rule search has not been done.
#  Modification time never checked.
#  File has not been updated.

# Not a target:
Makefile:
#  Implicit rule search has been done.
#  Last modified 2026-09-07 21:38:34
#  File has been updated.
#  Successfully updated.

# Not a target:
DeliveryDecorator.o:
#  Implicit rule search has not been done.
#  Modification time never checked.
#  File has not been updated.

# Not a target:
Iterator.o:
#  Implicit rule search has not been done.
#  Modification time never checked.
#  File has not been updated.

# Not a target:
CreateAPI.o:
#  Implicit rule search has not been done.
#  Modification time never checked.
#  File has not been updated.

# Not a target:
DeliveryPhase.o:
#  Implicit rule search has not been done.
#  Modification time never checked.
#  File has not been updated.

# Not a target:
IntegrationTestingPhase.o:
#  Implicit rule search has not been done.
#  Modification time never checked.
#  File has not been updated.

# Not a target:
DatabaseSetUp.o:
#  Implicit rule search has not been done.
#  Modification time never checked.
#  File has not been updated.

# Not a target:
.DEFAULT:
#  Implicit rule search has not been done.
#  Modification time never checked.
#  File has not been updated.

taskforge: AuditDecorator.o DepthFirstIterator.o LoginTestingPhase.o Iterator.o DatabaseSetUp.o BackendPhase.o DeliveryComponent.o FrontendPhase.o TestingPhase.o Main.o LoginDesign.o AuthenticationPhase.o UnitTestingPhase.o LoginTesting.o BreadthFirstIterator.o DevelopmentPhase.o State.o APITesting.o PriorityDecorator.o CreateAPI.o DeliveryDecorator.o DeliveryTask.o DeliveryPhase.o IntegrationTestingPhase.o
#  Implicit rule search has not been done.
#  Modification time never checked.
#  File has not been updated.
#  recipe to execute (from 'Makefile', line 9):
	$(CXX) $(OBJECTS) -o $(TARGET)

clean:
#  Implicit rule search has not been done.
#  Modification time never checked.
#  File has not been updated.
#  recipe to execute (from 'Makefile', line 15):
	del *.o taskforge.exe

# Not a target:
DeliveryTask.o:
#  Implicit rule search has not been done.
#  Modification time never checked.
#  File has not been updated.

# Not a target:
BackendPhase.o:
#  Implicit rule search has not been done.
#  Modification time never checked.
#  File has not been updated.

# Not a target:
TestingPhase.o:
#  Implicit rule search has not been done.
#  Modification time never checked.
#  File has not been updated.

# Not a target:
LoginDesign.o:
#  Implicit rule search has not been done.
#  Modification time never checked.
#  File has not been updated.

# Not a target:
Main.o:
#  Implicit rule search has not been done.
#  Modification time never checked.
#  File has not been updated.

# Not a target:
State.o:
#  Implicit rule search has not been done.
#  Modification time never checked.
#  File has not been updated.

# Not a target:
LoginTestingPhase.o:
#  Implicit rule search has not been done.
#  Modification time never checked.
#  File has not been updated.

# Not a target:
PriorityDecorator.o:
#  Implicit rule search has not been done.
#  Modification time never checked.
#  File has not been updated.

# Not a target:
AuditDecorator.o:
#  Implicit rule search has not been done.
#  Modification time never checked.
#  File has not been updated.

# files hash-table stats:
# Load=30/1024=3%, Rehash=0, Collisions=0/64=0%
# VPATH Search Paths

# No 'vpath' search paths.

# No general ('VPATH' variable) s 
earch path.

# strcache buffers: 9 (6) / strings = 4167 / storage = 69111 B / avg = 16 B
# current buf: size = 8174 B / used = 3801 B / count = 237 / avg = 16 B
# other used: total = 60937 B / count = 3930 / avg = 15 B
# other free: total = 82 B / max = 23 B / min = 1 B / avg = 10 B

# strcache performance: lookups = 4326 / hit rate = 3%
# hash-table stats:
# Load=4167/8192=51%, Rehash=0, Collisions=1805/4326=42%
# Finished Make data base on Mon Sep 07 21:44:46 2026

 
make.exe: *** No rule to make target 'all'.  Stop.

